--- Symbol List (sorted by symbol)
100.1                    849e              (R )
101.1                    84a4              (R )
102.done                 8516              (R )
105.loop                 8517              (R )
108.loop                 853c              (R )
13.done                  80b1              (R )
13.loop                  809d              (R )
14.1                     80ae              (R )
15.alpha                 80cd              (R )
15.digit                 80d3              (R )
15.invalid               80ca              (R )
16.invalid               8119              (R )
17.invalid               813f              (R )
2.1                      8010              (R )
2.2                      801b              (R )
2.loop                   8001              (R )
20.done                  8179                  
20.loop                  8166              (R )
3.1                      8021              (R )
4.1                      8027              (R )
45.done                  822b              (R )
45.loop                  821c              (R )
46.1                     8251              (R )
46.done                  826f              (R )
46.loop                  8245              (R )
47.1                     8264              (R )
48.1                     826c              (R )
49.failed                8296              (R )
5.1                      802f              (R )
55.failed                82d3              (R )
63.done                  82f6              (R )
63.loop                  82e3              (R )
64.found                 8320              (R )
69.found                 8350              (R )
73.1                     835e              (R )
74.1                     8364              (R )
75.1                     836a              (R )
76.1                     8370              (R )
77.1                     8376              (R )
78.found                 83cb              (R )
82.1                     83d9              (R )
83.1                     83df              (R )
84.1                     83e5              (R )
85.1                     83eb              (R )
86.1                     83f1              (R )
87.1                     83f7              (R )
88.1                     8405              (R )
89.1                     840b              (R )
9.found                  8092              (R )
9.loop                   805d              (R )
90.1                     8411              (R )
91.1                     8417              (R )
92.1                     841d              (R )
93.found                 847e              (R )
97.1                     848c              (R )
98.1                     8492              (R )
99.1                     8498              (R )
_debug                   8000              (R )
_getc                    8095              (R )
_putc                    8099              (R )
_puts                    809d              (R )
cli                      8517              (R )
cli_buffer               0140              (R )
cli_buffer_index         00a0              (R )
cli_call_tramp           0180              (R )
cli_command_call_prefix  41ad              (R )
cli_command_call_prefix_length 0005              (R )
cli_command_help_prefix  419e              (R )
cli_command_help_prefix_length 0004              (R )
cli_command_read_prefix  41a2              (R )
cli_command_read_prefix_length 0005              (R )
cli_command_write_prefix 41a7              (R )
cli_command_write_prefix_length 0006              (R )
cli_handle_command       84ed              (R )
cli_handle_command_call  845c              (R )
cli_handle_command_help  82fe              (R )
cli_handle_command_read  832e              (R )
cli_handle_command_write 83a9              (R )
cli_help_0               41b2              (R )
cli_invalid_command      418d              (R )
cli_prompt               4185              (R )
cli_read_command         82df              (R )
CONSOLE_IN               f000              (R )
CONSOLE_OUT              f001              (R )
convert_nibble           80b2              (R )
CR                       000a              (R )
debug_ptr                0082              (R )
disk_address             008c              (R )
DISK_ADDRESS_HIGH_REGISTER f211              (R )
DISK_ADDRESS_LOW_REGISTER f210              (R )
DISK_BUFFER_HIGH_REGISTER f221              (R )
DISK_BUFFER_LOW_REGISTER f220              (R )
DISK_COMMAND_REGISTER    f201              (R )
disk_read_sector         8034              (R )
disk_scan_for_path       8059              (R )
disk_scan_index          0099              (R )
disk_scan_prefix         0095              (R )
disk_scan_prefix_length  0097              (R )
disk_sector_data         0100              (R )
DISK_STATUS_REGISTER     f200                  
fw_banner                4021              (R )
fw_version               4046              (R )
fw_version_label         4033              (R )
hexdigits                4000              (R )
hexdump_ptr              008a              (R )
hw_version_label         404c              (R )
HW_VERSION_STRING        f400                  
init                     81cb              (R )
irq                      8541                  
mail_file_path           4132              (R )
mail_file_path_length    0017              (R )
mail_lookup_begin        414a              (R )
mail_lookup_failed       417b              (R )
mail_lookup_succeeded    416d              (R )
memcmp                   8001              (R )
memcmp_a_ptr             0084              (R )
memcmp_b_ptr             0086              (R )
memcmp_length            0088              (R )
memory_map_0             406c              (R )
memory_map_1             4081              (R )
memory_map_2             409e              (R )
memory_map_3             40b3              (R )
memory_map_4             40c9              (R )
memory_map_5             40df              (R )
memory_map_label         405f              (R )
motd_file_path           40f5              (R )
motd_file_path_length    0007              (R )
motd_lookup_failed       40ff              (R )
motd_lookup_succeeded    4120              (R )
nmi                      8540                  
print_file_count         009c              (R )
print_file_sector        009e              (R )
print_file_string        822c              (R )
print_hex_byte           8142              (R )
print_hexline            8164                  
print_mail               82a2              (R )
print_memory_map         817d              (R )
print_motd               8270              (R )
print_newline            8159              (R )
print_sector_sector      009a              (R )
print_sector_string      820f              (R )
puts_ptr                 0080              (R )
reset                    8530              (R )
scanf_byte               811c              (R )
scanf_byte_ptr           0092              (R )
scanf_byte_result        0094              (R )
scanf_word               80d6              (R )
scanf_word_ptr           008e              (R )
scanf_word_result        0090              (R )
trace_disk_read_sector   4010              (R )
--- End of Symbol List.
